<testsuites id="" name="" tests="16" failures="1" skipped="0" errors="0" time="11.815539999999999">
<testsuite name="simple-e2e.test.ts" timestamp="2025-07-22T20:44:10.267Z" hostname="chromium" tests="16" failures="1" skipped="0" time="58.702" errors="0">
<testcase name="Simple E2E Tests › should load the homepage successfully" classname="simple-e2e.test.ts" time="3.865">
</testcase>
<testcase name="Simple E2E Tests › should handle navigation" classname="simple-e2e.test.ts" time="3.707">
</testcase>
<testcase name="Simple E2E Tests › should be responsive" classname="simple-e2e.test.ts" time="3.862">
</testcase>
<testcase name="Simple E2E Tests › should handle errors gracefully" classname="simple-e2e.test.ts" time="4.116">
</testcase>
<testcase name="Simple E2E Tests › should load within reasonable time" classname="simple-e2e.test.ts" time="4.128">
</testcase>
<testcase name="Simple E2E Tests › should handle basic interactions" classname="simple-e2e.test.ts" time="3.907">
</testcase>
<testcase name="Simple E2E Tests › should handle form interactions" classname="simple-e2e.test.ts" time="3.916">
</testcase>
<testcase name="Simple E2E Tests › should handle multiple tabs" classname="simple-e2e.test.ts" time="3.761">
</testcase>
<testcase name="Simple E2E Tests › should handle browser back/forward" classname="simple-e2e.test.ts" time="3.906">
</testcase>
<testcase name="Simple E2E Tests › should handle page refresh" classname="simple-e2e.test.ts" time="3.823">
</testcase>
<testcase name="Simple E2E Tests › should handle different user agents" classname="simple-e2e.test.ts" time="3.86">
</testcase>
<testcase name="Simple E2E Tests › should handle network conditions" classname="simple-e2e.test.ts" time="3.781">
</testcase>
<testcase name="Simple E2E Tests › should handle JavaScript disabled" classname="simple-e2e.test.ts" time="0.621">
<failure message="simple-e2e.test.ts:178:7 should handle JavaScript disabled" type="FAILURE">
<![CDATA[  [chromium] › simple-e2e.test.ts:178:7 › Simple E2E Tests › should handle JavaScript disabled ─────

    TypeError: page.setJavaScriptEnabled is not a function

      179 |     // Create a new page with JavaScript disabled
      180 |     const page = await context.newPage()
    > 181 |     await page.setJavaScriptEnabled(false)
          |                ^
      182 |     
      183 |     await page.goto(BASE_URL)
      184 |     
        at C:\Users\kyle_\OneDrive\Documents\github\business_scraper\src\tests\e2e\simple-e2e.test.ts:181:16

    attachment #1: screenshot (image/png) ──────────────────────────────────────────────────────────
    ..\..\..\test-results\simple-e2e-Simple-E2E-Test-484cd--handle-JavaScript-disabled-chromium\test-failed-1.png
    ────────────────────────────────────────────────────────────────────────────────────────────────

    attachment #2: video (video/webm) ──────────────────────────────────────────────────────────────
    ..\..\..\test-results\simple-e2e-Simple-E2E-Test-484cd--handle-JavaScript-disabled-chromium\video.webm
    ────────────────────────────────────────────────────────────────────────────────────────────────
]]>
</failure>
<system-out>
<![CDATA[
[[ATTACHMENT|simple-e2e-Simple-E2E-Test-484cd--handle-JavaScript-disabled-chromium\test-failed-1.png]]

[[ATTACHMENT|simple-e2e-Simple-E2E-Test-484cd--handle-JavaScript-disabled-chromium\video.webm]]
]]>
</system-out>
</testcase>
<testcase name="Simple E2E Tests › should handle cookies and local storage" classname="simple-e2e.test.ts" time="3.818">
</testcase>
<testcase name="Simple E2E Tests › should handle accessibility basics" classname="simple-e2e.test.ts" time="3.865">
</testcase>
<testcase name="Simple E2E Tests › should handle performance basics" classname="simple-e2e.test.ts" time="3.766">
</testcase>
</testsuite>
</testsuites>